[2025-01-29T09:14:56.564+0000][gc,heap] Heap region size: 1M
[2025-01-29T09:14:56.573+0000][gc     ] Using G1
[2025-01-29T09:14:56.573+0000][gc,heap,coops] Heap address: 0x00000000e0000000, size: 512 MB, Compressed Oops mode: 32-bit
[2025-01-29T09:14:56.573+0000][gc,cds       ] Mark closed archive regions in map: [0x00000000fff00000, 0x00000000fff6bff8]
[2025-01-29T09:14:56.573+0000][gc,cds       ] Mark open archive regions in map: [0x00000000ffe00000, 0x00000000ffe47ff8]
[2025-01-29T09:15:17.368+0000][gc,start     ] GC(0) Pause Young (Normal) (G1 Evacuation Pause)
[2025-01-29T09:15:17.368+0000][gc,task      ] GC(0) Using 2 workers of 2 for evacuation
[2025-01-29T09:15:17.379+0000][gc,phases    ] GC(0)   Pre Evacuate Collection Set: 0.0ms
[2025-01-29T09:15:17.379+0000][gc,phases    ] GC(0)   Evacuate Collection Set: 10.2ms
[2025-01-29T09:15:17.379+0000][gc,phases    ] GC(0)   Post Evacuate Collection Set: 0.3ms
[2025-01-29T09:15:17.379+0000][gc,phases    ] GC(0)   Other: 0.5ms
[2025-01-29T09:15:17.379+0000][gc,heap      ] GC(0) Eden regions: 25->0(21)
[2025-01-29T09:15:17.379+0000][gc,heap      ] GC(0) Survivor regions: 0->4(4)
[2025-01-29T09:15:17.379+0000][gc,heap      ] GC(0) Old regions: 2->4
[2025-01-29T09:15:17.379+0000][gc,heap      ] GC(0) Humongous regions: 0->0
[2025-01-29T09:15:17.379+0000][gc,metaspace ] GC(0) Metaspace: 7782K(8192K)->7782K(8192K) NonClass: 6896K(7168K)->6896K(7168K) Class: 886K(1024K)->886K(1024K)
[2025-01-29T09:15:17.379+0000][gc           ] GC(0) Pause Young (Normal) (G1 Evacuation Pause) 25M->5M(512M) 11.522ms
[2025-01-29T09:15:17.379+0000][gc,cpu       ] GC(0) User=0.02s Sys=0.00s Real=0.01s
